---
source: crates/criticalup-cli/tests/cli/auth.rs
expression: repr
---
exit: exit status: 0

empty stdout

stderr
------
Show and change authentication with the download server

Usage:
  criticalup-test auth [OPTIONS] [COMMAND]

Commands:
  set     Set the authentication token used to interact with the download server
  remove  Remove the authentication token used to interact with the download server
  help    Print this message or the help of the given subcommand(s)

Options:
  -v, --verbose...                  Enable debug logs, -vv for trace
      --log-format <LOG_FORMAT>     Which logger to use [default: default] [possible values: default, pretty, json]
      --log-level [<LOG_LEVEL>...]  Tracing directives
  -h, --help                        Print help
------
