---
source: crates/criticalup-cli/tests/cli/remove.rs
expression: repr
---
exit: exit status: 0

empty stdout

stderr
------
Delete all the products specified in the manifest `criticalup.toml`

Usage:
  criticalup-test remove [OPTIONS]

Options:
      --project <PROJECT>           Path to the manifest `criticalup.toml`
  -v, --verbose...                  Enable debug logs, -vv for trace
      --log-format <LOG_FORMAT>     Which logger to use [default: default] [possible values: default, pretty, json]
      --log-level [<LOG_LEVEL>...]  Tracing directives
  -h, --help                        Print help
------
