---
source: crates/criticalup-cli/tests/cli/run.rs
expression: repr
---
exit: exit status: 0

empty stdout

stderr
------
Run a command for a given toolchain

Usage:
  criticalup-test run [OPTIONS] <COMMAND>...

Arguments:
  <COMMAND>...  Command with possible args to run

Options:
      --project <PROJECT>           Path to the manifest `criticalup.toml`
      --strict                      Only execute the specified binary if it is part of the installation
  -v, --verbose...                  Enable debug logs, -vv for trace
      --log-format <LOG_FORMAT>     Which logger to use [default: default] [possible values: default, pretty, tree, json]
      --log-level [<LOG_LEVEL>...]  Tracing directives
  -h, --help                        Print help
------
