---
source: crates/criticalup-cli/tests/cli/root.rs
expression: repr
---
exit: exit status: 0

empty stdout

stderr
------
criticalup-test 1.3.0
------
