---
source: crates/criticalup-cli/tests/cli/auth_remove.rs
expression: repr
---
exit: exit status: 0

empty stdout

stderr
------
Remove the authentication token used to interact with the download server

Usage:
  criticalup-test auth remove [OPTIONS]

Options:
  -v, --verbose...                  Enable debug logs, -vv for trace
      --log-format <LOG_FORMAT>     Which logger to use [default: default] [possible values: default, pretty, tree, json]
      --log-level [<LOG_LEVEL>...]  Tracing directives
  -h, --help                        Print help
------
